2025-03-26 01:16:33,916 - INFO - ---加载特征---
2025-03-26 01:16:50,949 - INFO - 训练 SVM 模型...
2025-03-26 01:16:54,383 - INFO - 分类报告:
2025-03-26 01:16:54,389 - INFO -                  precision    recall  f1-score   support

      back_pack       0.70      0.73      0.71        41
           bike       1.00      0.98      0.99        42
     calculator       0.86      0.44      0.58        43
     headphones       0.82      0.90      0.86        40
       keyboard       0.44      0.86      0.59        37
laptop_computer       0.70      0.69      0.69        54
        monitor       0.97      0.58      0.73        65
          mouse       0.63      0.95      0.76        42
            mug       1.00      0.80      0.89        35
      projector       0.98      0.87      0.92        53

       accuracy                           0.77       452
      macro avg       0.81      0.78      0.77       452
   weighted avg       0.82      0.77      0.77       452

2025-03-26 01:16:54,391 - INFO - 测试集准确率: 0.77
2025-03-26 01:16:54,392 - INFO - 混淆矩阵:
2025-03-26 01:16:54,392 - INFO - [[30  0  0  5  0  0  0  6  0  0]
 [ 0 41  0  0  0  0  0  1  0  0]
 [ 0  0 19  0 24  0  0  0  0  0]
 [ 0  0  0 36  0  0  0  4  0  0]
 [ 0  0  2  0 32  3  0  0  0  0]
 [ 1  0  1  0 14 37  1  0  0  0]
 [11  0  0  1  0 10 38  5  0  0]
 [ 0  0  0  1  0  0  0 40  0  1]
 [ 1  0  0  0  0  0  0  6 28  0]
 [ 0  0  0  1  2  3  0  1  0 46]]
